  x Instance methods cannot be marked with "use step". Only static methods, functions, and object methods are supported.
    ,-[input.js:14:1]
 13 |     class TestClass extends BaseClass {
 14 | ,->   async stepMethod() {
 15 | |       'use step';
 16 | |       // Error: super is not allowed
 17 | |       return super.method();
 18 | `->   }
 19 |     }
    `----
