  x The "use step" directive must be at the top of the function body
   ,-[input.js:4:1]
 3 |   // Error: directive must be at the top of function
 4 |   'use step';
   :   ^^^^^^^^^^^
 5 |   return x;
   `----
