  x Did you mean "use step"? "use stepp" is not a supported directive
   ,-[input.js:2:1]
 1 | // This should error - misspelled directive
 2 | 'use stepp';
   : ^^^^^^^^^^^^
   `----
