  x The "use step" directive must be at the top of the file
   ,-[input.js:4:1]
 3 | 
 4 | 'use step';
   : ^^^^^^^^^^^
   `----
