  x Only async functions can be exported from a "use step" file
   ,-[input.js:4:1]
 3 | // These should all error - only async functions allowed
 4 | export const value = 42;
   : ^^^^^^^^^^^^^^^^^^^^^^^^
 5 | export function syncFunc() {
   `----
  x Only async functions can be exported from a "use step" file
   ,-[input.js:5:1]
 4 |     export const value = 42;
 5 | ,-> export function syncFunc() {
 6 | |     return 'not allowed';
 7 | `-> }
 8 |     export class MyClass {
   `----
  x Functions marked with "use step" must be async functions
   ,-[input.js:5:1]
 4 |     export const value = 42;
 5 | ,-> export function syncFunc() {
 6 | |     return 'not allowed';
 7 | `-> }
 8 |     export class MyClass {
   `----
  x Only async functions can be exported from a "use step" file
    ,-[input.js:8:1]
  7 |     }
  8 | ,-> export class MyClass {
  9 | |     method() {}
 10 | `-> }
 11 |     export * from './other';
    `----
  x Only async functions can be exported from a "use step" file
    ,-[input.js:11:1]
 10 | }
 11 | export * from './other';
    : ^^^^^^^^^^^^^^^^^^^^^^^^
    `----
